// Jest Snapshot v1, https://goo.gl/fbAQLP

exports[`About testing Create About component 1`] = `
<div>
  <h1
    className="H1-Animation"
  >
    About
  </h1>
  <p
    className="Paragraph-Animation"
  >
    Sed quam nunc, luctus interdum vehicula vitae, scelerisque quis leo. Pellentesque in ornare arcu, viverra fermentum quam. Suspendisse potenti. Ut venenatis congue dolor, ac feugiat dui euismod in. Vestibulum eu libero sit amet lacus blandit tincidunt ac eu eros. Nulla ut laoreet tortor. Phasellus varius mauris dolor, a lobortis enim finibus ac. Quisque in tortor semper, lobortis justo nec, fermentum velit. Etiam nec ornare nibh.
  </p>
  <p
    className="Paragraph-Animation"
  >
    Interdum et malesuada fames ac ante ipsum primis in faucibus. Cras eget viverra est. Duis et finibus lorem. Aenean ut metus urna. Class aptent taciti sociosqu ad litora torquent per conubia nostra, per inceptos himenaeos. Vestibulum condimentum, risus vel malesuada suscipit, mauris massa accumsan nisl, sit amet porttitor elit dui eu dolor. Cras vitae molestie tortor. Vestibulum dictum massa eu urna suscipit, in ultrices ex egestas.
  </p>
</div>
`;
