// Jest Snapshot v1, https://goo.gl/fbAQLP

exports[`ReduxApp testing Create ReduxApp component 1`] = `
<div>
  <h1
    className="H1-Animation"
  >
    Todo
  </h1>
  <div>
    <div
      className="cssload-thecube"
    >
      <div
        className="cssload-cube cssload-c1"
      />
      <div
        className="cssload-cube cssload-c2"
      />
      <div
        className="cssload-cube cssload-c4"
      />
      <div
        className="cssload-cube cssload-c3"
      />
    </div>
    <p>
      Loading
    </p>
  </div>
</div>
`;
