// Jest Snapshot v1, https://goo.gl/fbAQLP

exports[`RouteApp testing Create RouteApp component 1`] = `
<div>
  <div
    className="Header"
  >
    <a
      className="HeaderItem"
      href="/"
      onClick={[Function]}
    >
      Home
    </a>
    <a
      className="HeaderItem"
      href="/about"
      onClick={[Function]}
    >
      About
    </a>
    <a
      className="HeaderItem"
      href="/todo"
      onClick={[Function]}
    >
      Todo
    </a>
    <a
      className="HeaderItem"
      href="/healthcheck"
      onClick={[Function]}
    >
      Health Check
    </a>
  </div>
  <hr />
  <div
    align="center"
  >
    <div>
      <h1
        className="H1-Animation"
      >
        Home
      </h1>
      <p
        className="Paragraph-Animation"
      >
        Lorem ipsum dolor sit amet, consectetur adipiscing elit. Pellentesque pellentesque quis dui quis pretium. In hac habitasse platea dictumst. Praesent fringilla augue vel quam semper auctor. Integer quis ligula ac metus eleifend consequat. Ut nec tempus velit. Donec quis lectus augue. Ut ut blandit arcu. Aenean pharetra, nisl pulvinar varius ultrices, ante neque accumsan ipsum, et interdum dolor sem at magna. Fusce eleifend, lectus ut accumsan viverra, dolor sapien feugiat ex, ut auctor leo quam nec lectus. Fusce viverra, lectus sit amet faucibus tincidunt, ex nulla vehicula metus, vel tristique orci libero sit amet dolor.
      </p>
      <p
        className="Paragraph-Animation"
      >
        Aenean ac sollicitudin est, ac luctus ante. Fusce sed sem hendrerit ante accumsan imperdiet ut eu nunc. In hac habitasse platea dictumst. Integer quis efficitur enim. Suspendisse non iaculis erat, dapibus faucibus nibh. Donec dolor lacus, molestie id imperdiet quis, pulvinar sed mauris. Pellentesque congue nulla sed enim semper, sed ultricies dui lobortis. Proin a maximus quam. Sed ut mi erat.
      </p>
      <p
        className="Paragraph-Animation"
      >
        Nam vestibulum lobortis diam. Cras at dolor id tortor suscipit luctus eu eget purus. Quisque euismod eros a suscipit eleifend. Donec ac metus metus. Etiam mauris sem, sagittis vitae nibh sagittis, volutpat efficitur dui. Aliquam finibus lobortis viverra. Donec bibendum et leo at gravida. Mauris a viverra mauris. Phasellus id eros lorem.
      </p>
    </div>
  </div>
</div>
`;
