// Jest Snapshot v1, https://goo.gl/fbAQLP

exports[`RouteApp testing Create RouteApp component 1`] = `
<div>
  <div
    className="Header"
  >
    <a
      className="HeaderItem"
      href="/"
      onClick={[Function]}
    >
      Home
    </a>
    <a
      className="HeaderItem"
      href="/about"
      onClick={[Function]}
    >
      About
    </a>
    <a
      className="HeaderItem"
      href="/healthcheck"
      onClick={[Function]}
    >
      Health Check
    </a>
  </div>
  <hr />
  <div
    align="center"
  >
    <div>
      <h1
        className="H1-Animation"
      >
        Todo
      </h1>
      <div
        className="AddTodo"
      >
        <form
          onSubmit={[Function]}
        >
          <input
            className="AddTodoInput"
            placeholder="What needs to be done?"
          />
           
          <button
            className="AddTodoButton"
            type="submit"
          >
            Add Todo
          </button>
        </form>
      </div>
      <div
        className="CheckboxCheckAll"
      >
        <input
          checked={false}
          onChange={[Function]}
          type="checkbox"
        />
        <label>
          Check All
        </label>
      </div>
      <div
        className="Todo"
      />
    </div>
  </div>
</div>
`;
